<?xml version="1.0" encoding="utf-8"?><testsuite errors="0" failures="0" name="pytest" skipped="0" tests="100" time="1.232"><testcase classname="superautodiff.autodiff" file="superautodiff\autodiff.py" line="4" name="superautodiff.autodiff.AutoDiff" time="0.004"></testcase><testcase classname="superautodiff.autodiffreverse" file="superautodiff\autodiffreverse.py" line="8" name="superautodiff.autodiffreverse.AutoDiffReverse" time="0.006"></testcase><testcase classname="tests.test_autodiff" file="tests\test_autodiff.py" line="12" name="test_input_no_args" time="0.001"></testcase><testcase classname="tests.test_autodiff" file="tests\test_autodiff.py" line="16" name="test_input_one_arg" time="0.001"></testcase><testcase classname="tests.test_autodiff" file="tests\test_autodiff.py" line="20" name="test_input_four_args" time="0.000"></testcase><testcase classname="tests.test_autodiff" file="tests\test_autodiff.py" line="29" name="test_input_list" time="0.001"></testcase><testcase classname="tests.test_autodiff" file="tests\test_autodiff.py" line="34" name="test_input_list_missing_val" time="0.001"></testcase><testcase classname="tests.test_autodiff" file="tests\test_autodiff.py" line="38" name="test_input_list_missing_var" time="0.001"></testcase><testcase classname="tests.test_autodiff" file="tests\test_autodiff.py" line="43" name="test_input_float_var" time="0.001"></testcase><testcase classname="tests.test_autodiff" file="tests\test_autodiff.py" line="47" name="test_input_int_var" time="0.001"></testcase><testcase classname="tests.test_autodiff" file="tests\test_autodiff.py" line="51" name="test_input_str_val" time="0.001"></testcase><testcase classname="tests.test_autodiff" file="tests\test_autodiff.py" line="61" name="test_var_is_set" time="0.001"></testcase><testcase classname="tests.test_autodiff" file="tests\test_autodiff.py" line="66" name="test_val_is_float" time="0.001"></testcase><testcase classname="tests.test_autodiff" file="tests\test_autodiff.py" line="71" name="test_der_is_dict" time="0.000"></testcase><testcase classname="tests.test_autodiff" file="tests\test_autodiff.py" line="77" name="test_der_keys_are_str" time="0.000"></testcase><testcase classname="tests.test_autodiff" file="tests\test_autodiff.py" line="84" name="test_der_values_are_float" time="0.000"></testcase><testcase classname="tests.test_autodiff" file="tests\test_autodiff.py" line="96" name="test_correct_init" time="0.000"></testcase><testcase classname="tests.test_autodiff" file="tests\test_autodiff.py" line="109" name="test_add_constant" time="0.000"></testcase><testcase classname="tests.test_autodiff" file="tests\test_autodiff.py" line="119" name="test_add_str" time="0.000"></testcase><testcase classname="tests.test_autodiff" file="tests\test_autodiff.py" line="125" name="test_radd_constant" time="0.001"></testcase><testcase classname="tests.test_autodiff" file="tests\test_autodiff.py" line="135" name="test_add_autodiff_self" time="0.002"></testcase><testcase classname="tests.test_autodiff" file="tests\test_autodiff.py" line="145" name="test_add_autodiff_other" time="0.002"></testcase><testcase classname="tests.test_autodiff" file="tests\test_autodiff.py" line="166" name="test_sub_constant" time="0.002"></testcase><testcase classname="tests.test_autodiff" file="tests\test_autodiff.py" line="175" name="test_sub_str" time="0.002"></testcase><testcase classname="tests.test_autodiff" file="tests\test_autodiff.py" line="181" name="test_rsub_constant" time="0.001"></testcase><testcase classname="tests.test_autodiff" file="tests\test_autodiff.py" line="191" name="test_sub_autodiff_self" time="0.000"></testcase><testcase classname="tests.test_autodiff" file="tests\test_autodiff.py" line="201" name="test_sub_autodiff_other" time="0.001"></testcase><testcase classname="tests.test_autodiff" file="tests\test_autodiff.py" line="222" name="test_mul_constant" time="0.000"></testcase><testcase classname="tests.test_autodiff" file="tests\test_autodiff.py" line="231" name="test_mul_str" time="0.001"></testcase><testcase classname="tests.test_autodiff" file="tests\test_autodiff.py" line="237" name="test_rmul_constant" time="0.001"></testcase><testcase classname="tests.test_autodiff" file="tests\test_autodiff.py" line="247" name="test_mul_autodiff_self" time="0.001"></testcase><testcase classname="tests.test_autodiff" file="tests\test_autodiff.py" line="257" name="test_mul_autodiff_other" time="0.000"></testcase><testcase classname="tests.test_autodiff" file="tests\test_autodiff.py" line="276" name="test_neg" time="0.000"></testcase><testcase classname="tests.test_autodiff" file="tests\test_autodiff.py" line="289" name="test_div_constant" time="0.000"></testcase><testcase classname="tests.test_autodiff" file="tests\test_autodiff.py" line="299" name="test_rdiv_constant" time="0.000"></testcase><testcase classname="tests.test_autodiff" file="tests\test_autodiff.py" line="309" name="test_div_autodiff_self" time="0.000"></testcase><testcase classname="tests.test_autodiff" file="tests\test_autodiff.py" line="319" name="test_div_autodiff_other" time="0.000"></testcase><testcase classname="tests.test_autodiff" file="tests\test_autodiff.py" line="340" name="test_pow" time="0.000"></testcase><testcase classname="tests.test_autodiff" file="tests\test_autodiff.py" line="350" name="test_rpow" time="0.000"></testcase><testcase classname="tests.test_autodiff" file="tests\test_autodiff.py" line="363" name="test_sin" time="0.000"></testcase><testcase classname="tests.test_autodiff" file="tests\test_autodiff.py" line="374" name="test_cos" time="0.000"></testcase><testcase classname="tests.test_autodiff" file="tests\test_autodiff.py" line="385" name="test_tan" time="0.000"></testcase><testcase classname="tests.test_autodiff" file="tests\test_autodiff.py" line="396" name="test_arcsin" time="0.000"></testcase><testcase classname="tests.test_autodiff" file="tests\test_autodiff.py" line="409" name="test_arccos" time="0.000"></testcase><testcase classname="tests.test_autodiff" file="tests\test_autodiff.py" line="422" name="test_arctan" time="0.000"></testcase><testcase classname="tests.test_autodiff" file="tests\test_autodiff.py" line="434" name="test_exp" time="0.000"></testcase><testcase classname="tests.test_autodiff" file="tests\test_autodiff.py" line="445" name="test_ln" time="0.000"></testcase><testcase classname="tests.test_autodiff" file="tests\test_autodiff.py" line="456" name="test_log10" time="0.000"></testcase><testcase classname="tests.test_autodiff" file="tests\test_autodiff.py" line="467" name="test_sinh" time="0.000"></testcase><testcase classname="tests.test_autodiff" file="tests\test_autodiff.py" line="478" name="test_cosh" time="0.001"><system-out>Warning: For AutoDiffVector objects, please use the corresponding mathematical function: coshV(ADV) instead of cosh(ADV)
</system-out></testcase><testcase classname="tests.test_autodiff" file="tests\test_autodiff.py" line="489" name="test_tanh" time="0.001"><system-out>Warning: For AutoDiffVector objects, please use the corresponding mathematical function: coshV(ADV) instead of cosh(ADV)
</system-out></testcase><testcase classname="tests.test_autodiff" file="tests\test_autodiff.py" line="503" name="test_sqrt" time="0.000"></testcase><testcase classname="tests.test_autodiff" file="tests\test_autodiff.py" line="512" name="test_logistic" time="0.002"></testcase><testcase classname="tests.test_autodiff" file="tests\test_autodiff.py" line="523" name="test_eq" time="0.001"></testcase><testcase classname="tests.test_autodiff" file="tests\test_autodiff.py" line="532" name="test_ne" time="0.002"></testcase><testcase classname="tests.test_autodiff" file="tests\test_autodiff.py" line="542" name="test_lt" time="0.002"></testcase><testcase classname="tests.test_autodiff" file="tests\test_autodiff.py" line="552" name="test_le" time="0.002"></testcase><testcase classname="tests.test_autodiff" file="tests\test_autodiff.py" line="562" name="test_ge" time="0.002"></testcase><testcase classname="tests.test_autodiff" file="tests\test_autodiff.py" line="572" name="test_gt" time="0.002"></testcase><testcase classname="tests.test_autodiffreverse" file="tests\test_autodiffreverse.py" line="10" name="test_reverse_add" time="0.014"></testcase><testcase classname="tests.test_autodiffreverse" file="tests\test_autodiffreverse.py" line="24" name="test_reverse_sub" time="0.014"></testcase><testcase classname="tests.test_autodiffreverse" file="tests\test_autodiffreverse.py" line="38" name="test_reverse_mul" time="0.014"></testcase><testcase classname="tests.test_autodiffreverse" file="tests\test_autodiffreverse.py" line="52" name="test_reverse_neg" time="0.007"></testcase><testcase classname="tests.test_autodiffreverse" file="tests\test_autodiffreverse.py" line="58" name="test_reverse_pow" time="0.008"></testcase><testcase classname="tests.test_autodiffreverse" file="tests\test_autodiffreverse.py" line="67" name="test_reverse_div" time="0.013"></testcase><testcase classname="tests.test_autodiffreverse" file="tests\test_autodiffreverse.py" line="81" name="test_reverse_sin" time="0.005"></testcase><testcase classname="tests.test_autodiffreverse" file="tests\test_autodiffreverse.py" line="87" name="test_reverse_cos" time="0.005"></testcase><testcase classname="tests.test_autodiffreverse" file="tests\test_autodiffreverse.py" line="93" name="test_reverse_tan" time="0.006"></testcase><testcase classname="tests.test_autodiffreverse" file="tests\test_autodiffreverse.py" line="99" name="test_reverse_arcsin" time="0.005"></testcase><testcase classname="tests.test_autodiffreverse" file="tests\test_autodiffreverse.py" line="105" name="test_reverse_arccos" time="0.006"></testcase><testcase classname="tests.test_autodiffreverse" file="tests\test_autodiffreverse.py" line="111" name="test_reverse_arctan" time="0.007"></testcase><testcase classname="tests.test_autodiffreverse" file="tests\test_autodiffreverse.py" line="117" name="test_reverse_exp" time="0.005"></testcase><testcase classname="tests.test_autodiffreverse" file="tests\test_autodiffreverse.py" line="123" name="test_reverse_log" time="0.006"></testcase><testcase classname="tests.test_autodiffreverse" file="tests\test_autodiffreverse.py" line="129" name="test_reverse_log10" time="0.005"></testcase><testcase classname="tests.test_autodiffreverse" file="tests\test_autodiffreverse.py" line="135" name="test_reverse_sqrt" time="0.005"></testcase><testcase classname="tests.test_autodiffvector" file="tests\test_autodiffvector.py" line="55" name="test_vector_input_no_args" time="0.000"></testcase><testcase classname="tests.test_autodiffvector" file="tests\test_autodiffvector.py" line="59" name="test_vector_input_two_args" time="0.000"></testcase><testcase classname="tests.test_autodiffvector" file="tests\test_autodiffvector.py" line="63" name="test_vector_inputlist_not_autodiff" time="0.001"></testcase><testcase classname="tests.test_autodiffvector" file="tests\test_autodiffvector.py" line="69" name="test_vector_inputlist_duplicate_var" time="0.002"></testcase><testcase classname="tests.test_autodiffvector" file="tests\test_autodiffvector.py" line="78" name="test_vector_add" time="0.000"></testcase><testcase classname="tests.test_autodiffvector" file="tests\test_autodiffvector.py" line="97" name="test_vector_radd" time="0.001"></testcase><testcase classname="tests.test_autodiffvector" file="tests\test_autodiffvector.py" line="117" name="test_vector_sub" time="0.001"></testcase><testcase classname="tests.test_autodiffvector" file="tests\test_autodiffvector.py" line="156" name="test_vector_mul_constant" time="0.002"></testcase><testcase classname="tests.test_autodiffvector" file="tests\test_autodiffvector.py" line="174" name="test_vector_rmul_constant" time="0.001"></testcase><testcase classname="tests.test_autodiffvector" file="tests\test_autodiffvector.py" line="194" name="test_vector_neg" time="0.000"></testcase><testcase classname="tests.test_autodiffvector" file="tests\test_autodiffvector.py" line="209" name="test_vector_div" time="0.001"></testcase><testcase classname="tests.test_autodiffvector" file="tests\test_autodiffvector.py" line="248" name="test_vector_pow" time="0.001"></testcase><testcase classname="tests.test_autodiffvector" file="tests\test_autodiffvector.py" line="261" name="test_vector_rpow" time="0.001"></testcase><testcase classname="tests.test_autodiffvector" file="tests\test_autodiffvector.py" line="276" name="test_vector_sin" time="0.002"></testcase><testcase classname="tests.test_autodiffvector" file="tests\test_autodiffvector.py" line="292" name="test_vector_cos" time="0.001"></testcase><testcase classname="tests.test_autodiffvector" file="tests\test_autodiffvector.py" line="308" name="test_vector_tan" time="0.001"></testcase><testcase classname="tests.test_autodiffvector" file="tests\test_autodiffvector.py" line="324" name="test_vector_arcsin" time="0.001"></testcase><testcase classname="tests.test_autodiffvector" file="tests\test_autodiffvector.py" line="339" name="test_vector_arccos" time="0.001"></testcase><testcase classname="tests.test_autodiffvector" file="tests\test_autodiffvector.py" line="354" name="test_vector_arctan" time="0.002"></testcase><testcase classname="tests.test_autodiffvector" file="tests\test_autodiffvector.py" line="369" name="test_vector_exp" time="0.001"></testcase><testcase classname="tests.test_autodiffvector" file="tests\test_autodiffvector.py" line="384" name="test_vector_ln" time="0.001"></testcase><testcase classname="tests.test_autodiffvector" file="tests\test_autodiffvector.py" line="400" name="test_vector_log10" time="0.001"></testcase><testcase classname="tests.test_autodiffvector" file="tests\test_autodiffvector.py" line="414" name="test_vector_sinh" time="0.001"></testcase><testcase classname="tests.test_autodiffvector" file="tests\test_autodiffvector.py" line="430" name="test_vector_cosh" time="0.001"></testcase><testcase classname="tests.test_autodiffvector" file="tests\test_autodiffvector.py" line="446" name="test_vector_tanh" time="0.001"><system-out>Warning: For AutoDiffVector objects, please use the corresponding mathematical function: coshV(ADV) instead of cosh(ADV)
Warning: For AutoDiffVector objects, please use the corresponding mathematical function: coshV(ADV) instead of cosh(ADV)
Warning: For AutoDiffVector objects, please use the corresponding mathematical function: coshV(ADV) instead of cosh(ADV)
Warning: For AutoDiffVector objects, please use the corresponding mathematical function: coshV(ADV) instead of cosh(ADV)
Warning: For AutoDiffVector objects, please use the corresponding mathematical function: coshV(ADV) instead of cosh(ADV)
</system-out></testcase></testsuite>